// Vitest Snapshot v1, https://vitest.dev/guide/snapshot.html

exports[`achievement definitions > never renames an id: the list matches the recorded one 1`] = `
[
  "alpha-1",
  "alpha-100",
  "alpha-25",
  "babies-all",
  "ball-beast",
  "ball-cherish",
  "ball-dream",
  "ball-master",
  "ball-safari",
  "ball-sport",
  "balls-10",
  "balls-20",
  "balls-5",
  "balls-all",
  "balls-apricorn",
  "balls-hisui",
  "bred-1",
  "bred-100",
  "bred-25",
  "day-10",
  "day-25",
  "day-50",
  "days-100",
  "days-30",
  "dream-1",
  "eeveelutions",
  "entries-100",
  "entries-1000",
  "entries-2500",
  "entries-500",
  "event-1",
  "event-10",
  "event-50",
  "evolved-1",
  "evolved-100",
  "evolved-25",
  "families-100",
  "families-25",
  "families-5",
  "families-all",
  "forms-alcremie-all",
  "forms-alcremie-creams",
  "forms-alolan",
  "forms-arceus",
  "forms-cloaks",
  "forms-deoxys",
  "forms-flabebe",
  "forms-furfrou",
  "forms-fusions",
  "forms-galarian",
  "forms-genesect",
  "forms-hisuian",
  "forms-lycanroc",
  "forms-minior",
  "forms-ogerpon",
  "forms-oricorio",
  "forms-paldean",
  "forms-pikachu-caps",
  "forms-rotom",
  "forms-seas",
  "forms-seasons",
  "forms-silvally",
  "forms-sizes",
  "forms-squawkabilly",
  "forms-tatsugiri",
  "forms-therian",
  "forms-unown",
  "forms-vivillon",
  "fossils-all",
  "game-150",
  "game-50",
  "game-go",
  "games-10",
  "games-20",
  "games-3",
  "games-all",
  "games-orre",
  "genders-10",
  "genders-all",
  "generations-all",
  "gift-1",
  "gift-10",
  "gmax-1",
  "gmax-10",
  "gmax-all",
  "kinds-10",
  "kinds-5",
  "legend-aura-trio",
  "legend-beasts",
  "legend-birds",
  "legend-box-art",
  "legend-creation-trio",
  "legend-eon-duo",
  "legend-forces-of-nature",
  "legend-guardian-deities",
  "legend-hero-duo",
  "legend-lake-guardians",
  "legend-light-trio",
  "legend-loyal-three",
  "legend-swords-of-justice",
  "legend-tao-trio",
  "legend-titans",
  "legend-tower-duo",
  "legend-treasures-of-ruin",
  "legend-weather-trio",
  "legendary-1",
  "legendary-10",
  "legendary-all",
  "level-100-1",
  "level-100-10",
  "living-dex-complete",
  "living-dex-half",
  "mega-1",
  "mega-10",
  "mega-all",
  "mythical-1",
  "mythical-all",
  "nicknamed-10",
  "outbreak-1",
  "outbreak-25",
  "pair-b2w2",
  "pair-bdsp",
  "pair-bw",
  "pair-dp",
  "pair-frlg",
  "pair-gs",
  "pair-hgss",
  "pair-lgpe",
  "pair-oras",
  "pair-rgb",
  "pair-rs",
  "pair-sm",
  "pair-sv",
  "pair-swsh",
  "pair-usum",
  "pair-xy",
  "pairs-all",
  "paradox-ancient",
  "paradox-future",
  "pseudo-legendary-all",
  "raid-1",
  "raid-25",
  "region-alola-all",
  "region-alola-half",
  "region-galar-all",
  "region-galar-half",
  "region-hoenn-all",
  "region-hoenn-half",
  "region-johto-all",
  "region-johto-half",
  "region-kalos-all",
  "region-kalos-half",
  "region-kanto-all",
  "region-kanto-half",
  "region-paldea-all",
  "region-paldea-half",
  "region-sinnoh-all",
  "region-sinnoh-half",
  "region-unova-all",
  "region-unova-half",
  "same-species-10-games",
  "same-species-3-games",
  "same-species-5-games",
  "secret-golden-magikarp",
  "secret-heavy-sleeper",
  "secret-identity-crisis",
  "secret-master-ball-common",
  "secret-moon-ball-clefairy",
  "secret-pikachu-ten-games",
  "secret-pokemon-day",
  "secret-safari-rarity",
  "secret-shiny-alpha",
  "secret-under-the-truck",
  "shadow-1",
  "shadow-10",
  "shiny-1",
  "shiny-10",
  "shiny-100",
  "shiny-25",
  "shiny-250",
  "shiny-50",
  "shiny-all",
  "shiny-family",
  "shiny-games-5",
  "shiny-legendary",
  "shiny-mythical",
  "shiny-starter",
  "species-1",
  "species-10",
  "species-100",
  "species-1000",
  "species-151",
  "species-250",
  "species-386",
  "species-50",
  "species-500",
  "species-750",
  "species-all",
  "starter-lines-all",
  "starters-all",
  "starters-alola",
  "starters-galar",
  "starters-hoenn",
  "starters-johto",
  "starters-kalos",
  "starters-kanto",
  "starters-paldea",
  "starters-sinnoh",
  "starters-unova",
  "static-1",
  "static-25",
  "streak-14",
  "streak-3",
  "streak-30",
  "streak-7",
  "systems-all",
  "tera-1",
  "tera-25",
  "trade-1",
  "trade-10",
  "transfer-1",
  "transfer-25",
  "type-bug-all",
  "type-dark-all",
  "type-dragon-all",
  "type-electric-all",
  "type-fairy-all",
  "type-fighting-all",
  "type-fire-all",
  "type-flying-all",
  "type-ghost-all",
  "type-grass-all",
  "type-ground-all",
  "type-ice-all",
  "type-normal-all",
  "type-poison-all",
  "type-psychic-all",
  "type-rock-all",
  "type-steel-all",
  "type-water-all",
  "ultra-beasts-all",
  "walker-1",
  "walker-10",
  "wild-10",
  "wild-100",
  "wild-500",
]
`;
